// Jest Snapshot v1, https://goo.gl/fbAQLP

exports[`Testing Component Testing Footer 1`] = `
<footer>
  <hr />
  <center>
    <h5>
      Â© Learning Developer.
    </h5>
  </center>
</footer>
`;
